0.687775
0.673934
0.683559
0.699783
0.678150
0.690983
0.679250
0.675308
0.708950
0.700608
0.683559
0.677691
0.678058
0.682366
0.682275
0.683833
0.698409
0.673750
0.679983
0.678883
0.716833
0.682825
0.677325
0.674116
0.680533
0.683834
0.686308
0.681358
0.672559
0.676591
0.694742
0.679433
0.687775
0.717750
0.673933
0.681267
0.717017
0.785400
0.762025
0.716742
0.726917
0.730492
0.726184
0.872117
0.729116
0.714450
0.688783
0.680258
0.686675
0.685391
0.711975
0.726642
0.730584
0.735442
0.741492
0.723616
0.755975
0.755333
0.745158
0.785583
0.752491
0.780175
0.825641
0.826741
0.745159
0.692450
0.680167
0.679067
0.687775
0.693275
0.705100
0.678241
0.678975
0.672467
0.690983
0.672284
0.687409
0.683559
0.680259
0.675859
0.694833
0.680442
0.788150
0.710692
0.691900
0.682459
0.686217
0.710416
0.713351
0.682642
0.681450
0.685116
0.680350
0.722792
0.679708
0.699508
0.694558
0.679434
0.678792
0.693458
0.694650
0.672100
0.692175
0.674850
0.683925
0.704000
0.683834
0.687684
0.679525
0.677508
0.682825
0.712342
0.693184
0.683100
0.679800
0.673108
0.688142
0.695842
0.679250
0.685117
0.682550
0.681358
0.675583
0.719492
0.679983
0.702259
0.762759
0.756984
0.793467
0.757075
0.746808
0.751116
0.734342
0.701617
0.684750
0.684475
0.679525
0.673659
0.680167
0.777058
0.804009
0.687042
0.678425
0.678333
0.687867
0.689334
0.683650
0.679158
0.677508
0.673659
0.684383
0.732325
0.680350
0.673200
0.714450
0.673108
0.712800
0.682550
0.671550
0.677509
0.679067
0.678333
0.693825
0.687591
0.673750
0.688600
0.680166
0.677417
0.715550
0.679617
0.675950
0.681175
0.685117
0.680258
0.690342
0.697584
0.673842
0.679525
0.680717
0.680992
0.732325
0.676959
0.673200
0.830775
0.802634
0.819133
0.780541
0.684750
0.677967
0.674666
0.692175
0.691992
0.680809
0.683925
0.673200
0.682091
0.680625
0.681358
0.689517
0.679434
0.680442
0.676408
0.692358
0.691442
0.677325
0.676775
0.681267
0.681817
0.712800
0.725725
0.738008
0.822341
0.791542
0.777150
0.697950
0.681542
0.687592
0.673109
0.685483
0.689425
0.697216
0.679341
0.681542
0.687409
0.718759
0.693458
0.678975
0.678241
0.681542
0.676958
0.683558
0.690525
0.679250
0.678608
0.754783
0.714358
0.741308
0.783383
0.771009
0.729300
0.714816
0.727284
0.733150
0.677967
0.679983
0.720042
0.700425
0.747358
0.724441
0.728658
0.687775
0.712617
0.687041
0.688783
0.689150
0.673108
0.678333
0.682825
0.684383
0.689884
0.686858
0.708675
0.674117
0.714908
0.729209
0.711059
0.705100
0.680992
0.720317
0.723891
0.708767
0.684842
0.685850
0.721509
0.713258
0.733884
0.733975
0.685667
0.721691
0.735991
0.685575
0.678058
0.692817
0.679158
0.679250
0.683100
0.683925
0.681450
0.679158
0.679800
0.686583
0.690158
0.681450
0.771741
0.691625
0.712984
0.673109
0.681908
0.679066
0.706200
0.687317
0.690342
0.680075
0.686034
0.679525
0.697033
0.709683
0.698042
0.673475
0.691900
0.693092
0.688600
0.684842
0.679158
0.672650
0.678608
0.680350
0.694925
0.679800
0.678150
0.674483
0.691258
0.695200
0.693917
0.743325
0.691075
0.708950
0.683375
0.699325
0.687041
0.672558
0.779808
0.685667
0.684658
0.718575
0.694925
0.673476
0.748366
0.735808
0.746167
0.729392
0.723616
0.756250
0.757441
0.749925
0.772750
0.843059
0.922534
0.803825
0.841500
0.794842
0.803917
0.761934
0.762758
0.763767
0.756434
0.673567
0.678516
0.677233
0.681908
0.687775
0.693550
0.674117
0.703725
0.686583
0.679158
0.699234
0.671733
0.686034
0.678884
0.682275
0.679617
0.728658
0.718208
0.745892
0.678059
0.755516
0.733975
0.707575
0.672100
0.714083
0.677875
0.716833
0.751483
0.701250
0.681909
0.674850
0.718667
0.754784
0.734616
0.720317
0.687591
0.694009
0.683283
0.681358
0.680167
0.678883
0.679617
0.748458
0.770275
0.789067
0.759916
0.680259
0.677325
0.680716
0.724167
0.716833
0.676775
0.716191
0.677325
0.677784
0.675492
0.687225
0.678516
0.687683
0.689608
0.757716
0.781000
0.752675
0.761567
0.773209
0.755150
0.776050
0.776875
0.759641
0.762300
0.750842
0.767250
0.760192
0.726183
0.678242
0.687134
0.672467
0.696391
0.694925
0.682184
0.710508
0.682367
0.672834
0.701434
0.673658
0.678608
0.678700
0.679250
0.699691
0.689241
0.674483
0.685484
0.680075
0.679983
0.694192
0.706017
0.677600
0.673017
0.683558
0.743600
0.690158
0.692450
0.686125
0.678058
0.688234
0.672284
0.681633
0.685758
0.681267
0.685392
0.711791
0.681175
0.685300
0.678792
0.681908
0.685942
0.673016
0.681542
0.693733
0.682825
0.679067
0.682550
0.676591
0.764500
0.777150
0.711608
0.708858
0.677508
0.690250
0.729666
0.726458
0.682917
0.683650
0.684933
0.681817
0.704184
0.697950
0.684109
0.704825
0.821333
0.719675
0.683192
0.678700
0.722425
0.680992
0.694741
0.692359
0.712983
0.767708
0.693917
0.672559
0.679708
0.706658
0.679800
0.686584
0.680808
0.673841
0.684934
0.685025
0.759917
0.679159
0.679525
0.728658
0.727834
0.691167
0.775041
0.676959
0.833708
0.736542
0.688325
0.767066
0.695292
0.680167
0.672559
0.711975
0.685483
0.679983
0.688233
0.688875
0.672283
0.690342
0.694100
0.684016
0.687775
0.683650
0.676041
0.692634
0.718117
0.681358
0.680442
0.672283
0.686492
0.684108
0.678700
0.678517
0.676775
0.720317
0.673383
0.709958
0.679158
0.682642
0.718300
0.720500
0.681450
0.691350
0.678242
0.691258
0.673017
0.710967
0.737183
0.718208
0.716375
0.704183
0.713442
0.730950
0.721875
0.704000
0.702258
0.714725
0.685758
0.679342
0.688142
0.677692
0.676041
0.731317
0.752033
0.727925
0.697217
0.697033
0.800984
0.709683
0.708675
0.691716
0.688050
0.677600
0.686950
0.683192
0.679067
0.699417
0.679616
0.682917
0.678700
0.673108
0.683741
0.690800
0.677875
0.881925
0.685208
0.719033
0.870009
0.825367
0.798508
0.785308
0.740392
0.707209
0.682734
0.689425
0.674025
0.686766
0.676133
0.705283
0.679525
0.682825
0.679525
0.673200
0.687684
0.689608
0.678425
0.682000
0.673750
0.686858
0.698042
0.717567
0.702441
0.687775
0.688691
0.688233
0.693367
0.698041
0.685392
0.690617
0.697033
0.712616
0.695567
0.689058
0.700792
0.686034
0.679159
0.672742
0.688142
0.680716
0.687958
0.678150
0.695934
0.673934
0.697950
0.680625
0.681908
0.674484
0.720133
0.692725
0.691441
0.674850
0.687958
0.673292
0.678517
0.680259
0.708400
0.672375
0.678425
0.680075
0.712891
0.724533
0.746533
0.678150
0.776784
0.702350
0.788242
0.691441
0.780267
0.673292
0.742958
0.753500
0.812809
0.766333
0.758450
0.755609
0.720958
0.723617
0.748825
0.713167
0.719125
0.690616
0.683466
0.744150
0.711058
0.711516
0.713625
0.677141
0.760650
0.741583
0.739292
0.722608
0.724808
0.699050
0.737367
0.719767
0.731867
0.723983
0.698225
0.675125
0.686033
0.682275
0.776967
0.680808
0.683009
0.683009
0.690434
0.694283
0.679342
0.676042
0.764592
0.718208
0.687133
0.687408
0.680533
0.677783
0.706017
0.643867
0.637175
0.646433
0.671000
0.645425
0.636900
0.700334
0.672100
0.678333
0.689150
0.685667
0.680167
0.779808
0.725175
0.685667
0.678792
0.734066
0.683375
0.692358
0.679892
0.684383
0.678241
0.673567
0.689884
0.679158
0.686675
0.680808
0.673933
0.710050
0.688967
0.681633
0.682733
0.682000
0.673658
0.806942
0.735992
0.677600
0.679800
0.687133
0.686950
0.689608
0.700242
0.674117
0.683375
0.681909
0.695475
0.715733
0.723433
0.711608
0.736175
0.721508
0.720408
0.763400
0.678608
0.674392
0.728750
0.692450
0.792367
0.731958
0.679892
0.673933
0.696208
0.679067
0.697491
0.673475
0.678608
0.684566
0.683008
0.681908
0.690525
0.682092
0.673750
0.677050
0.684750
0.685025
0.689059
0.677875
0.673017
0.685117
0.677966
0.744241
0.809050
0.712250
0.735258
0.705925
0.679341
0.777242
0.714725
0.716375
0.691991
0.689333
0.678517
0.688325
0.680625
0.685666
0.680259
0.685667
0.689608
0.702717
0.683558
0.683925
0.679067
0.672100
0.679617
0.691350
0.680075
0.678608
0.677692
0.695567
0.684017
0.678975
0.678700
0.680259
0.689150
0.671550
0.727834
0.671550
0.722425
0.695475
0.674758
0.679616
0.702900
0.696850
0.683741
0.678700
0.680350
0.696209
0.716375
0.698500
0.699509
0.680717
0.684842
0.676141
0.746800
0.746500
0.741100
0.745500
0.732500
0.746900
0.739700
0.747500
0.740000
0.738500
0.810100
0.734500
0.746800
0.743500
0.739900
0.749700
0.759100
0.749200
0.745700
0.754000
0.735100
0.743200
0.741600
0.747600
0.742100
0.772300
0.739500
0.751000
0.744500
0.740301
0.748700
0.745400
0.790900
0.822100
0.850100
0.820300
0.830100
0.967200
0.798300
0.892700
0.829000
0.879800
0.827900
0.801300
0.793500
0.812500
0.811200
0.825000
0.806800
0.801200
0.835900
0.823500
0.811800
0.802500
0.800000
0.849600
0.843000
0.836100
0.824900
0.839400
0.826300
0.869200
0.775800
0.746700
0.793600
0.819600
0.829800
0.828400
0.818900
0.825400
0.819300
0.822600
0.844400
0.861900
0.850600
0.882700
0.855900
0.733700
0.757000
0.746200
0.748700
0.760400
0.737200
0.738500
0.738800
0.745900
0.768500
0.815100
0.804400
0.750500
0.739200
0.752000
0.800300
0.734100
0.761700
0.749800
0.763800
0.796000
0.883900
0.880400
0.754600
0.754700
0.757400
0.773900
0.743900
0.744100
0.739400
0.749500
0.744000
0.738800
0.740000
0.738700
0.747000
0.768500
0.739700
0.747100
0.751400
0.789800
0.767400
0.761900
0.868500
0.747400
0.771000
0.765100
0.750700
0.758500
0.768400
0.749900
0.755300
0.757900
0.800600
0.766500
0.756400
0.747700
0.747400
0.739500
0.745200
0.749400
0.748700
0.734300
0.789500
0.748900
0.740500
