0.360000
0.381000
0.336000
0.344000
0.334000
0.335000
0.341000
0.335000
0.350000
0.353000
0.334000
0.347000
0.333000
0.338000
0.395000
0.334000
0.335000
0.407000
0.335000
0.357000
0.398000
0.348000
0.335000
0.334000
0.341000
0.362000
0.354000
0.335000
0.335000
0.341000
0.334000
0.336000
0.341000
0.334000
0.334000
0.335000
0.380000
0.340000
0.372000
0.689000
0.833000
0.724000
0.333000
0.335000
0.341000
0.333000
0.335000
0.352000
0.360000
0.341000
0.333000
0.335000
0.341000
0.333000
0.346000
0.334000
0.334000
0.341000
0.335000
0.336000
0.362000
0.338000
0.333000
0.341000
0.334000
0.334000
0.344000
0.334000
0.341000
0.348000
0.352000
0.334000
0.350000
0.383000
0.337000
0.346000
0.351000
0.334000
0.346000
0.350000
0.333000
0.345000
0.362000
0.333000
0.347000
0.352000
0.343000
0.345000
0.339000
0.353000
0.343000
0.334000
0.366000
0.352000
0.336000
0.706000
0.346000
0.384000
0.346000
0.335000
