0.001925
0.002200
0.000825
0.000825
0.000825
0.000733
0.000825
0.000734
0.000733
0.000733
0.000733
0.000733
0.000734
0.000734
0.000734
0.000734
0.000734
0.000734
0.000734
0.000734
0.000734
0.000734
0.000734
0.000734
0.000734
0.000825
0.000825
0.000734
0.000825
0.000733
0.000733
0.000733
0.000733
0.000733
0.000733
0.000733
0.000733
0.000733
0.000733
0.000734
0.000734
0.000825
0.000825
0.000733
0.000733
0.000733
0.000733
0.000733
0.000733
0.000733
0.000733
0.000733
0.000733
0.000733
0.000733
0.000825
0.000825
0.000825
0.000734
0.000734
0.000734
0.000734
0.000734
0.000734
0.000734
0.000733
0.000733
0.000733
0.000733
0.000733
0.000733
0.000733
0.000733
0.000733
0.000733
0.000825
0.000733
0.000734
0.000734
0.000734
0.000734
0.000734
0.000734
0.000734
0.000734
0.000733
0.000733
0.000733
0.000733
0.000733
0.000733
0.000733
0.000733
0.000734
0.000825
0.000825
0.000734
0.000825
0.000825
0.000825
