3.261775
3.263792
3.190000
3.774283
3.329608
3.150308
3.276625
3.198983
3.331350
3.864575
3.254258
3.094391
3.257833
3.227400
3.131883
3.198434
3.139400
3.678675
4.675367
3.215575
3.086509
3.200175
3.161400
3.199166
3.290558
3.265166
3.118591
3.558408
3.404133
3.233725
3.175242
3.217134
3.086966
3.197883
3.231250
3.144167
3.450150
3.199716
3.158375
3.408350
3.393317
3.251691
3.169558
3.194858
3.102917
3.186517
3.211817
3.443092
3.320808
3.416233
3.473433
3.394233
3.450150
3.321267
3.434383
3.342258
3.278917
3.206133
3.387817
4.661158
4.596167
3.317600
3.198892
3.211083
3.857975
3.146825
3.240875
3.190092
3.163967
3.266725
3.296792
3.137475
3.201825
3.230241
3.136834
3.296883
3.278366
3.101909
3.702967
3.481867
3.186058
3.290650
3.346383
3.193942
3.352525
3.397900
3.199533
3.338316
3.463075
3.174325
3.237300
3.222725
3.225659
3.230608
3.231984
3.149484
4.230142
4.300909
3.190275
3.263975
