0.001192
0.000550
0.000458
0.000367
0.000367
0.000367
0.000367
0.000275
0.000367
0.000366
0.000275
0.000366
0.000275
0.000275
0.000367
0.000366
0.000367
0.000275
0.000367
0.000275
0.000367
0.000366
0.000367
0.000275
0.000275
0.000367
0.000275
0.000367
0.000275
0.000367
0.000275
0.000367
0.000275
0.000275
0.000366
0.000275
0.000366
0.000275
0.000366
0.000275
0.000275
0.000367
0.000275
0.000367
0.000275
0.000367
0.000275
0.000367
0.000275
0.000367
0.000275
0.000367
0.000458
0.000459
0.000366
0.000367
0.000366
0.000275
0.005958
0.001008
0.000550
0.000459
0.000367
0.000366
0.000275
0.000367
0.000275
0.000367
0.000275
0.000367
0.000275
0.000275
0.000366
0.000275
0.000366
0.000275
0.000275
0.000366
0.000275
0.000366
0.000275
0.000366
0.000367
0.000275
0.000367
0.000275
0.000275
0.000367
0.000275
0.000367
0.000366
0.000275
0.000366
0.000458
0.000275
0.000367
0.000275
0.000367
0.000275
0.000367
