0.001192
0.000550
0.000458
0.000367
0.000367
0.000367
0.000367
0.000275
0.000367
0.000366
0.000275
0.000366
0.000275
0.000366
0.000275
0.000366
0.000275
0.000275
0.000367
0.000275
0.000458
0.000367
0.000367
0.000275
0.000367
0.000366
0.000367
0.000366
0.000275
0.000366
0.000275
0.000366
0.000275
0.000275
0.000367
0.000366
0.000275
0.000366
0.000275
0.000366
0.000367
0.000367
0.000366
0.000367
0.000275
0.000367
0.000367
0.000275
0.000367
0.000275
0.000367
0.000275
0.000458
0.000367
0.000367
0.000367
0.000275
0.000367
0.000275
0.000367
0.000366
0.000275
0.000366
0.000275
0.000366
0.000366
0.000367
0.000275
0.000367
0.000275
0.000367
0.000367
0.000275
0.000367
0.000275
0.000275
0.000366
0.000275
0.000275
0.000366
0.000275
0.000366
0.000367
0.000275
0.000275
0.000367
0.000275
0.000367
0.000275
0.000275
0.000366
0.000275
0.000366
0.000367
0.000366
0.000275
0.000366
0.000367
0.000366
0.000367
