0.003117
0.001833
0.001559
0.001467
0.001467
0.001559
0.001467
0.001375
0.001467
0.001375
0.001467
0.001467
0.001375
0.001375
0.001466
0.001375
0.001375
0.001467
0.001375
0.001375
0.001467
0.001375
0.001375
0.001466
0.001375
0.001467
0.001375
0.001467
0.001375
0.001467
0.001466
0.001467
0.001375
0.001375
0.001375
0.001375
0.001375
0.001375
0.001375
0.001375
0.001466
0.001467
0.001375
0.001375
0.001375
0.001375
0.001375
0.001466
0.001467
0.001375
0.001375
0.001375
0.001466
0.001466
0.001467
0.001466
0.001467
0.001375
0.001375
0.001466
0.001375
0.001375
0.001375
0.001375
0.001375
0.001467
0.001375
0.001375
0.001375
0.001284
0.001375
0.001467
0.001466
0.001375
0.001375
0.001375
0.001375
0.001467
0.001375
0.001375
0.001467
0.001466
0.001467
0.001375
0.001375
0.001467
0.001466
0.001375
0.001375
0.001467
0.001467
0.001375
0.001375
0.001375
0.001467
0.001375
0.001375
0.001375
0.001467
0.001375
