0.001191
0.000550
0.000367
0.000367
0.000366
0.000366
0.000367
0.000367
0.000366
0.000367
0.000367
0.000366
0.000275
0.000366
0.000275
0.000366
0.000275
0.000367
0.000367
0.000275
0.000367
0.000275
0.000367
0.000275
0.000367
0.000367
0.000275
0.000367
0.000275
0.000367
0.000366
0.000275
0.000366
0.000366
0.000367
0.000366
0.000367
0.000366
0.000275
0.000366
0.000367
0.000367
0.000367
0.000367
0.000367
0.000367
0.000367
0.000367
0.000367
0.000275
0.000367
0.000275
0.000459
0.000366
0.000275
0.000366
0.000275
0.000366
0.000367
0.000366
0.000367
0.000275
0.000367
0.000367
0.000275
0.000366
0.000275
0.000366
0.000367
0.000275
0.000459
0.000550
0.000550
0.000550
0.000459
0.000459
0.000550
0.000641
0.000458
0.000458
0.001100
0.000367
0.000367
0.000367
0.000275
0.000275
0.000367
0.000275
0.000275
0.000366
0.000275
0.000366
0.000367
0.000367
0.000275
0.000367
0.000275
0.000275
0.000367
0.000275
